Forge Auto Renaming Tool v2.0.4
<<<<<<< Updated upstream
lib: C:\Users\SPINKPOOF\MCreatorWorkspaces\home\build\moddev\artifacts\forge-1.20.1-47.4.22.jar
=======
lib: C:\Users\SPINKPOOF\MCreatorWorkspaces\home 2\build\moddev\artifacts\forge-1.20.1-47.4.22.jar
>>>>>>> Stashed changes
lib: C:\Users\SPINKPOOF\.mcreator\gradle\caches\modules-2\files-2.1\io.github.llamalad7\mixinextras-common\0.5.0\286da96036621082491d971dfc62bee8fc37d161\mixinextras-common-0.5.0.jar
lib: C:\Users\SPINKPOOF\.mcreator\gradle\caches\modules-2\files-2.1\io.github.llamalad7\mixinextras-forge\0.5.0\cebe4d98a42a4a32ebf0ddec7b93d5bdbdad009\mixinextras-forge-0.5.0.jar
lib: C:\Users\SPINKPOOF\.mcreator\gradle\caches\modules-2\files-2.1\cpw.mods\securejarhandler\2.1.10\51e6a22c6c716beb11e244bf5b8be480f51dd6b5\securejarhandler-2.1.10.jar
lib: C:\Users\SPINKPOOF\.mcreator\gradle\caches\modules-2\files-2.1\net.minecraftforge\fmlloader\1.20.1-47.4.22\ce9a2a24e7b3039263e3702374b50dfcf2171c6a\fmlloader-1.20.1-47.4.22.jar
lib: C:\Users\SPINKPOOF\.mcreator\gradle\caches\modules-2\files-2.1\net.minecraftforge\coremods\5.2.4\e30bab269d896613e38396274711410b3a0e4b87\coremods-5.2.4.jar
lib: C:\Users\SPINKPOOF\.mcreator\gradle\caches\modules-2\files-2.1\cpw.mods\modlauncher\10.0.9\6d9443f56f50bb85cea383686ff9c867391458b\modlauncher-10.0.9.jar
lib: C:\Users\SPINKPOOF\.mcreator\gradle\caches\modules-2\files-2.1\org.openjdk.nashorn\nashorn-core\15.4\f67f5ffaa5f5130cf6fb9b133da00c7df3b532a5\nashorn-core-15.4.jar
lib: C:\Users\SPINKPOOF\.mcreator\gradle\caches\modules-2\files-2.1\org.ow2.asm\asm-commons\9.9.1\ab35de4c537184a09339069f1a3b3aacf2289149\asm-commons-9.9.1.jar
lib: C:\Users\SPINKPOOF\.mcreator\gradle\caches\modules-2\files-2.1\org.ow2.asm\asm-util\9.9.1\e51f5b0ae0b0c1960687ae970a2a3434d39d8abb\asm-util-9.9.1.jar
lib: C:\Users\SPINKPOOF\.mcreator\gradle\caches\modules-2\files-2.1\org.ow2.asm\asm-analysis\9.9.1\1ab8d9316ef7a67240087919a708246c37ed1660\asm-analysis-9.9.1.jar
lib: C:\Users\SPINKPOOF\.mcreator\gradle\caches\modules-2\files-2.1\org.ow2.asm\asm-tree\9.9.1\b6b1b3366296163b4b1f540731aad0a2baa484d8\asm-tree-9.9.1.jar
lib: C:\Users\SPINKPOOF\.mcreator\gradle\caches\modules-2\files-2.1\org.ow2.asm\asm\9.9.1\2ceea6ab43bcae1979b2a6d85fc0ca429877e5ab\asm-9.9.1.jar
lib: C:\Users\SPINKPOOF\.mcreator\gradle\caches\modules-2\files-2.1\net.minecraftforge\accesstransformers\8.0.4\272d240aa73f42195b2a68e2ebd8b701ecf41f63\accesstransformers-8.0.4.jar
lib: C:\Users\SPINKPOOF\.mcreator\gradle\caches\modules-2\files-2.1\org.antlr\antlr4\4.9.1\e92af8ab33e428461927b484e90bb155a4f3a052\antlr4-4.9.1.jar
lib: C:\Users\SPINKPOOF\.mcreator\gradle\caches\modules-2\files-2.1\org.antlr\antlr4-runtime\4.9.1\428664f05d2b7f7b7610204b5aa7c1763f62011a\antlr4-runtime-4.9.1.jar
lib: C:\Users\SPINKPOOF\.mcreator\gradle\caches\modules-2\files-2.1\net.minecraftforge\fmlcore\1.20.1-47.4.22\1367fc72fd188372dd79e824c611e248dcd000e\fmlcore-1.20.1-47.4.22.jar
lib: C:\Users\SPINKPOOF\.mcreator\gradle\caches\modules-2\files-2.1\net.minecraftforge\eventbus\6.2.33\3fae69cfa9c5095bcc25c0a8a3ed9b26c156f922\eventbus-6.2.33.jar
lib: C:\Users\SPINKPOOF\.mcreator\gradle\caches\modules-2\files-2.1\net.minecraftforge\forgespi\7.0.1\3b4972a0cdb135853dba219be61a79b22cff1309\forgespi-7.0.1.jar
lib: C:\Users\SPINKPOOF\.mcreator\gradle\caches\modules-2\files-2.1\net.minecraftforge\unsafe\0.2.0\54d7a0a5e8fdb71b973025caa46f341ae5904f39\unsafe-0.2.0.jar
lib: C:\Users\SPINKPOOF\.mcreator\gradle\caches\modules-2\files-2.1\net.minecraftforge\mergetool\1.1.7\fe2225c1a7834ee20d5a1e2630bcca798367d962\mergetool-1.1.7.jar
lib: C:\Users\SPINKPOOF\.mcreator\gradle\caches\modules-2\files-2.1\net.minecraftforge\mergetool\1.1.7\aa7c6d9d187d585a8a215c288d65b0038be80b2a\mergetool-1.1.7-api.jar
lib: C:\Users\SPINKPOOF\.mcreator\gradle\caches\modules-2\files-2.1\com.electronwill.night-config\toml\3.6.4\51d6cefb2b55ee55ee26b16391212fb2c7dfb4f4\toml-3.6.4.jar
lib: C:\Users\SPINKPOOF\.mcreator\gradle\caches\modules-2\files-2.1\com.electronwill.night-config\core\3.6.4\510f174abbf1c947494db50ef2445683bd52c230\core-3.6.4.jar
lib: C:\Users\SPINKPOOF\.mcreator\gradle\caches\modules-2\files-2.1\net.minecraftforge\JarJarSelector\0.3.19\376cc9c8ea60720cf027c01fc033de915699801c\JarJarSelector-0.3.19.jar
lib: C:\Users\SPINKPOOF\.mcreator\gradle\caches\modules-2\files-2.1\net.minecraftforge\JarJarMetadata\0.3.19\83feaa9b770e6ac0e96ee4fc23fa89325c5fe2\JarJarMetadata-0.3.19.jar
lib: C:\Users\SPINKPOOF\.mcreator\gradle\caches\modules-2\files-2.1\org.apache.maven\maven-artifact\3.8.5\4433f50c07debefaed0553bd0068f4f48d449313\maven-artifact-3.8.5.jar
lib: C:\Users\SPINKPOOF\.mcreator\gradle\caches\modules-2\files-2.1\net.jodah\typetools\0.6.3\a01aaa6ddaea9ec07ec4f209487b7a46a526283a\typetools-0.6.3.jar
lib: C:\Users\SPINKPOOF\.mcreator\gradle\caches\modules-2\files-2.1\net.minecrell\terminalconsoleappender\1.2.0\96d02cd3b384ff015a8fef4223bcb4ccf1717c95\terminalconsoleappender-1.2.0.jar
lib: C:\Users\SPINKPOOF\.mcreator\gradle\caches\modules-2\files-2.1\org.jline\jline-reader\3.12.1\4382ab1382c7b6f379377ed5f665dc2f6e1218bc\jline-reader-3.12.1.jar
lib: C:\Users\SPINKPOOF\.mcreator\gradle\caches\modules-2\files-2.1\org.jline\jline-terminal\3.12.1\c777448314e050d980a6b697c140f3bfe9eb7416\jline-terminal-3.12.1.jar
lib: C:\Users\SPINKPOOF\.mcreator\gradle\caches\modules-2\files-2.1\org.spongepowered\mixin\0.8.5\9d1c0c3a304ae6697ecd477218fa61b850bf57fc\mixin-0.8.5.jar
lib: C:\Users\SPINKPOOF\.mcreator\gradle\caches\modules-2\files-2.1\cpw.mods\bootstraplauncher\1.1.2\c546e00443d8432cda6baa1c860346980742628\bootstraplauncher-1.1.2.jar
lib: C:\Users\SPINKPOOF\.mcreator\gradle\caches\modules-2\files-2.1\net.minecraftforge\JarJarFileSystems\0.3.19\2464eb7d6b9ddb9db36a82cf8a95193e5c6fe020\JarJarFileSystems-0.3.19.jar
lib: C:\Users\SPINKPOOF\.mcreator\gradle\caches\modules-2\files-2.1\net.minecraftforge\fmlearlydisplay\1.20.1-47.4.22\90407eed9ce435424cd98544f47f44b00d9c9c09\fmlearlydisplay-1.20.1-47.4.22.jar
lib: C:\Users\SPINKPOOF\.mcreator\gradle\caches\modules-2\files-2.1\net.minecraftforge\javafmllanguage\1.20.1-47.4.22\c3fe3323c9f8651aff7b34a665730c312b9e203f\javafmllanguage-1.20.1-47.4.22.jar
lib: C:\Users\SPINKPOOF\.mcreator\gradle\caches\modules-2\files-2.1\net.minecraftforge\lowcodelanguage\1.20.1-47.4.22\c719255918fe74052292279a1242a26fbe92452a\lowcodelanguage-1.20.1-47.4.22.jar
lib: C:\Users\SPINKPOOF\.mcreator\gradle\caches\modules-2\files-2.1\net.minecraftforge\mclanguage\1.20.1-47.4.22\78b273bf6a3b42e430cd60ca1636656ae5993d6c\mclanguage-1.20.1-47.4.22.jar
lib: C:\Users\SPINKPOOF\.mcreator\gradle\caches\modules-2\files-2.1\org.codehaus.plexus\plexus-utils\3.3.0\cf43b5391de623b36fe066a21127baef82c64022\plexus-utils-3.3.0.jar
lib: C:\Users\SPINKPOOF\.mcreator\gradle\caches\modules-2\files-2.1\org.apache.commons\commons-lang3\3.12.0\c6842c86792ff03b9f1d1fe2aab8dc23aa6c6f0e\commons-lang3-3.12.0.jar
lib: C:\Users\SPINKPOOF\.mcreator\gradle\caches\modules-2\files-2.1\org.apache.logging.log4j\log4j-core\2.8.1\4ac28ff2f1ddf05dae3043a190451e8c46b73c31\log4j-core-2.8.1.jar
lib: C:\Users\SPINKPOOF\.mcreator\gradle\caches\modules-2\files-2.1\com.google.code.gson\gson\2.10\dd9b193aef96e973d5a11ab13cd17430c2e4306b\gson-2.10.jar
lib: C:\Users\SPINKPOOF\.mcreator\gradle\caches\modules-2\files-2.1\com.google.guava\guava\31.1-jre\60458f877d055d0c9114d9e1a2efb737b4bc282c\guava-31.1-jre.jar
lib: C:\Users\SPINKPOOF\.mcreator\gradle\caches\modules-2\files-2.1\com.machinezoo.noexception\noexception\1.7.1\b65330c98e38a1f915fa54a6e5eca496505e3f0a\noexception-1.7.1.jar
lib: C:\Users\SPINKPOOF\.mcreator\gradle\caches\modules-2\files-2.1\org.slf4j\slf4j-api\1.8.0-beta4\83b0359d847ee053d745be7ec0d8e9e8a44304b4\slf4j-api-1.8.0-beta4.jar
lib: C:\Users\SPINKPOOF\.mcreator\gradle\caches\modules-2\files-2.1\org.apache.logging.log4j\log4j-api\2.19.0\ea1b37f38c327596b216542bc636cfdc0b8036fa\log4j-api-2.19.0.jar
lib: C:\Users\SPINKPOOF\.mcreator\gradle\caches\modules-2\files-2.1\com.mojang\logging\1.1.1\832b8e6674a9b325a5175a3a6267dfaf34c85139\logging-1.1.1.jar
lib: C:\Users\SPINKPOOF\.mcreator\gradle\caches\modules-2\files-2.1\com.google.code.findbugs\jsr305\3.0.2\25ea2e8b0c338a877313bd4672d3fe056ea78f0d\jsr305-3.0.2.jar
lib: C:\Users\SPINKPOOF\.mcreator\gradle\caches\modules-2\files-2.1\ca.weblite\java-objc-bridge\1.1\1227f9e0666314f9de41477e3ec277e542ed7f7b\java-objc-bridge-1.1.jar
lib: C:\Users\SPINKPOOF\.mcreator\gradle\caches\modules-2\files-2.1\org.jetbrains\annotations\24.0.1\13c5c75c4206580aa4d683bffee658caae6c9f43\annotations-24.0.1.jar
lib: C:\Users\SPINKPOOF\.mcreator\gradle\caches\modules-2\files-2.1\com.github.oshi\oshi-core\6.2.2\54f5efc19bca95d709d9a37d19ffcbba3d21c1a6\oshi-core-6.2.2.jar
lib: C:\Users\SPINKPOOF\.mcreator\gradle\caches\modules-2\files-2.1\com.google.guava\failureaccess\1.0.1\1dcf1de382a0bf95a3d8b0849546c88bac1292c9\failureaccess-1.0.1.jar
lib: C:\Users\SPINKPOOF\.mcreator\gradle\caches\modules-2\files-2.1\com.ibm.icu\icu4j\61.1\28d33b5e44e72edcc66a5da7a34a42147f38d987\icu4j-61.1.jar
lib: C:\Users\SPINKPOOF\.mcreator\gradle\caches\modules-2\files-2.1\com.mojang\authlib\4.0.43\2ff9d747a77570a07a60d32ac77eb6162ad2a2d9\authlib-4.0.43.jar
lib: C:\Users\SPINKPOOF\.mcreator\gradle\caches\modules-2\files-2.1\com.mojang\blocklist\1.0.10\5c685c5ffa94c4cd39496c7184c1d122e515ecef\blocklist-1.0.10.jar
lib: C:\Users\SPINKPOOF\.mcreator\gradle\caches\modules-2\files-2.1\com.mojang\brigadier\1.1.8\5244ce82c3337bba4a196a3ce858bfaecc74404a\brigadier-1.1.8.jar
lib: C:\Users\SPINKPOOF\.mcreator\gradle\caches\modules-2\files-2.1\com.mojang\datafixerupper\6.0.8\3ba4a30557a9b057760af4011f909ba619fc5125\datafixerupper-6.0.8.jar
lib: C:\Users\SPINKPOOF\.mcreator\gradle\caches\modules-2\files-2.1\com.mojang\patchy\2.2.10\da05971b07cbb379d002cf7eaec6a2048211fefc\patchy-2.2.10.jar
lib: C:\Users\SPINKPOOF\.mcreator\gradle\caches\modules-2\files-2.1\com.mojang\text2speech\1.17.9\3cad216e3a7f0c19b4b394388bc9ffc446f13b14\text2speech-1.17.9.jar
lib: C:\Users\SPINKPOOF\.mcreator\gradle\caches\modules-2\files-2.1\commons-codec\commons-codec\1.15\49d94806b6e3dc933dacbd8acb0fdbab8ebd1e5d\commons-codec-1.15.jar
lib: C:\Users\SPINKPOOF\.mcreator\gradle\caches\modules-2\files-2.1\commons-io\commons-io\2.11.0\a2503f302b11ebde7ebc3df41daebe0e4eea3689\commons-io-2.11.0.jar
lib: C:\Users\SPINKPOOF\.mcreator\gradle\caches\modules-2\files-2.1\commons-logging\commons-logging\1.2\4bfc12adfe4842bf07b657f0369c4cb522955686\commons-logging-1.2.jar
lib: C:\Users\SPINKPOOF\.mcreator\gradle\caches\modules-2\files-2.1\io.netty\netty-buffer\4.1.82.Final\a544270cf1ae8b8077082f5036436a9a9971ea71\netty-buffer-4.1.82.Final.jar
lib: C:\Users\SPINKPOOF\.mcreator\gradle\caches\modules-2\files-2.1\io.netty\netty-codec\4.1.82.Final\b77200379acb345a9ffdece1c605e591ac3e4e0a\netty-codec-4.1.82.Final.jar
lib: C:\Users\SPINKPOOF\.mcreator\gradle\caches\modules-2\files-2.1\io.netty\netty-common\4.1.82.Final\22d148e85c3f5ebdacc0ce1f5aabb1d420f73f3\netty-common-4.1.82.Final.jar
lib: C:\Users\SPINKPOOF\.mcreator\gradle\caches\modules-2\files-2.1\io.netty\netty-handler\4.1.82.Final\644041d1fa96a5d3130a29e8978630d716d76e38\netty-handler-4.1.82.Final.jar
lib: C:\Users\SPINKPOOF\.mcreator\gradle\caches\modules-2\files-2.1\io.netty\netty-resolver\4.1.82.Final\38f665ae8dcd29032eea31245ba7806bed2e0fa8\netty-resolver-4.1.82.Final.jar
lib: C:\Users\SPINKPOOF\.mcreator\gradle\caches\modules-2\files-2.1\io.netty\netty-transport-classes-epoll\4.1.82.Final\e7c7dd18deac93105797f30057c912651ea76521\netty-transport-classes-epoll-4.1.82.Final.jar
lib: C:\Users\SPINKPOOF\.mcreator\gradle\caches\modules-2\files-2.1\io.netty\netty-transport-native-unix-common\4.1.82.Final\3e895b35ca1b8a0eca56cacff4c2dde5d2c6abce\netty-transport-native-unix-common-4.1.82.Final.jar
lib: C:\Users\SPINKPOOF\.mcreator\gradle\caches\modules-2\files-2.1\io.netty\netty-transport\4.1.82.Final\e431a218d91acb6476ccad5f5aafde50aa3945ca\netty-transport-4.1.82.Final.jar
lib: C:\Users\SPINKPOOF\.mcreator\gradle\caches\modules-2\files-2.1\it.unimi.dsi\fastutil\8.5.9\bb7ea75ecdb216654237830b3a96d87ad91f8cc5\fastutil-8.5.9.jar
lib: C:\Users\SPINKPOOF\.mcreator\gradle\caches\modules-2\files-2.1\net.java.dev.jna\jna-platform\5.12.1\97406a297c852f4a41e688a176ec675f72e8329\jna-platform-5.12.1.jar
lib: C:\Users\SPINKPOOF\.mcreator\gradle\caches\modules-2\files-2.1\net.java.dev.jna\jna\5.10.0\7cf4c87dd802db50721db66947aa237d7ad09418\jna-5.10.0.jar
lib: C:\Users\SPINKPOOF\.mcreator\gradle\caches\modules-2\files-2.1\net.sf.jopt-simple\jopt-simple\5.0.4\4fdac2fbe92dfad86aa6e9301736f6b4342a3f5c\jopt-simple-5.0.4.jar
lib: C:\Users\SPINKPOOF\.mcreator\gradle\caches\modules-2\files-2.1\org.apache.commons\commons-compress\1.21\4ec95b60d4e86b5c95a0e919cb172a0af98011ef\commons-compress-1.21.jar
lib: C:\Users\SPINKPOOF\.mcreator\gradle\caches\modules-2\files-2.1\org.apache.httpcomponents\httpclient\4.5.13\e5f6cae5ca7ecaac1ec2827a9e2d65ae2869cada\httpclient-4.5.13.jar
lib: C:\Users\SPINKPOOF\.mcreator\gradle\caches\modules-2\files-2.1\org.apache.httpcomponents\httpcore\4.4.15\7f2e0c573eaa7a74bac2e89b359e1f73d92a0a1d\httpcore-4.4.15.jar
lib: C:\Users\SPINKPOOF\.mcreator\gradle\caches\modules-2\files-2.1\org.apache.logging.log4j\log4j-slf4j2-impl\2.19.0\5c04bfdd63ce9dceb2e284b81e96b6a70010ee10\log4j-slf4j2-impl-2.19.0.jar
lib: C:\Users\SPINKPOOF\.mcreator\gradle\caches\modules-2\files-2.1\org.joml\joml\1.10.5\22566d58af70ad3d72308bab63b8339906deb649\joml-1.10.5.jar
lib: C:\Users\SPINKPOOF\.mcreator\gradle\caches\modules-2\files-2.1\org.lwjgl\lwjgl-glfw\3.3.1\cbac1b8d30cb4795149c1ef540f912671a8616d0\lwjgl-glfw-3.3.1.jar
lib: C:\Users\SPINKPOOF\.mcreator\gradle\caches\modules-2\files-2.1\org.lwjgl\lwjgl-jemalloc\3.3.1\a817bcf213db49f710603677457567c37d53e103\lwjgl-jemalloc-3.3.1.jar
lib: C:\Users\SPINKPOOF\.mcreator\gradle\caches\modules-2\files-2.1\org.lwjgl\lwjgl-openal\3.3.1\2623a6b8ae1dfcd880738656a9f0243d2e6840bd\lwjgl-openal-3.3.1.jar
lib: C:\Users\SPINKPOOF\.mcreator\gradle\caches\modules-2\files-2.1\org.lwjgl\lwjgl-opengl\3.3.1\831a5533a21a5f4f81bbc51bb13e9899319b5411\lwjgl-opengl-3.3.1.jar
lib: C:\Users\SPINKPOOF\.mcreator\gradle\caches\modules-2\files-2.1\org.lwjgl\lwjgl-stb\3.3.1\b119297cf8ed01f247abe8685857f8e7fcf5980f\lwjgl-stb-3.3.1.jar
lib: C:\Users\SPINKPOOF\.mcreator\gradle\caches\modules-2\files-2.1\org.lwjgl\lwjgl-tinyfd\3.3.1\ff1914111ef2e3e0110ef2dabc8d8cdaad82347\lwjgl-tinyfd-3.3.1.jar
lib: C:\Users\SPINKPOOF\.mcreator\gradle\caches\modules-2\files-2.1\org.lwjgl\lwjgl\3.3.1\ae58664f88e18a9bb2c77b063833ca7aaec484cb\lwjgl-3.3.1.jar
lib: C:\Users\SPINKPOOF\.mcreator\gradle\caches\modules-2\files-2.1\org.antlr\ST4\4.3\92f2c1ad8d84abcbeead6cf7f2c53a04166293c2\ST4-4.3.jar
lib: C:\Users\SPINKPOOF\.mcreator\gradle\caches\modules-2\files-2.1\org.antlr\antlr-runtime\3.5.2\cd9cd41361c155f3af0f653009dcecb08d8b4afd\antlr-runtime-3.5.2.jar
lib: C:\Users\SPINKPOOF\.mcreator\gradle\caches\modules-2\files-2.1\org.abego.treelayout\org.abego.treelayout.core\1.0.3\457216e8e6578099ae63667bb1e4439235892028\org.abego.treelayout.core-1.0.3.jar
lib: C:\Users\SPINKPOOF\.mcreator\gradle\caches\modules-2\files-2.1\org.glassfish\javax.json\1.0.4\3178f73569fd7a1e5ffc464e680f7a8cc784b85a\javax.json-1.0.4.jar
lib: C:\Users\SPINKPOOF\.mcreator\gradle\caches\modules-2\files-2.1\com.google.guava\listenablefuture\9999.0-empty-to-avoid-conflict-with-guava\b421526c5f297295adef1c886e5246c39d4ac629\listenablefuture-9999.0-empty-to-avoid-conflict-with-guava.jar
lib: C:\Users\SPINKPOOF\.mcreator\gradle\caches\modules-2\files-2.1\org.checkerframework\checker-qual\3.12.0\d5692f0526415fcc6de94bb5bfbd3afd9dd3b3e5\checker-qual-3.12.0.jar
lib: C:\Users\SPINKPOOF\.mcreator\gradle\caches\modules-2\files-2.1\com.google.errorprone\error_prone_annotations\2.11.0\c5a0ace696d3f8b1c1d8cc036d8c03cc0cbe6b69\error_prone_annotations-2.11.0.jar
lib: C:\Users\SPINKPOOF\.mcreator\gradle\caches\modules-2\files-2.1\com.google.j2objc\j2objc-annotations\1.3\ba035118bc8bac37d7eff77700720999acd9986d\j2objc-annotations-1.3.jar
log: null
<<<<<<< Updated upstream
input: C:\Users\SPINKPOOF\MCreatorWorkspaces\home\build\devlibs\modid-1.0.jar
output: C:\Users\SPINKPOOF\MCreatorWorkspaces\home\build\libs\modid-1.0.jar
threads: 22
Names: C:\Users\SPINKPOOF\MCreatorWorkspaces\home\build\moddev\artifacts\namedToIntermediate.tsrg(reversed: false)
=======
input: C:\Users\SPINKPOOF\MCreatorWorkspaces\home 2\build\devlibs\modid-1.0.jar
output: C:\Users\SPINKPOOF\MCreatorWorkspaces\home 2\build\libs\modid-1.0.jar
threads: 22
Names: C:\Users\SPINKPOOF\MCreatorWorkspaces\home 2\build\moddev\artifacts\namedToIntermediate.tsrg(reversed: false)
>>>>>>> Stashed changes
Fix Annotations: false
Unfinal Parameters: false
Fix Records: false
Fix Identifiers: false
Fix SourceFile: false
Fix Line Numbers: false
Strip codesigning signatures: ALL
Adding Libraries to Inheritance
<<<<<<< Updated upstream
Reading Input: C:\Users\SPINKPOOF\MCreatorWorkspaces\home\build\devlibs\modid-1.0.jar
Adding input to inheritance map
Processing entries
Conflicting propagated mapping for app/vercel/macho_buck_webapp/hidden_house/procedures/HiddenBlockSetCodeProcedure$1/createMenu(ILnet/minecraft/world/entity/player/Inventory;Lnet/minecraft/world/entity/player/Player;)Lnet/minecraft/world/inventory/AbstractContainerMenu; from net/minecraft/world/inventory/MenuConstructor/createMenu(ILnet/minecraft/world/entity/player/Inventory;Lnet/minecraft/world/entity/player/Player;)Lnet/minecraft/world/inventory/AbstractContainerMenu;: createMenu -> m_7208_
Conflicting propagated mapping for app/vercel/macho_buck_webapp/hidden_house/procedures/HiddenBlockSetCodeProcedure$1/getDisplayName()Lnet/minecraft/network/chat/Component; from net/minecraft/world/MenuProvider/getDisplayName()Lnet/minecraft/network/chat/Component;: getDisplayName -> m_5446_
Conflicting propagated mapping for app/vercel/macho_buck_webapp/hidden_house/client/gui/HiddenBlockSetCodeGUIScreen/keyPressed(III)Z from net/minecraft/client/gui/screens/inventory/AbstractContainerScreen/keyPressed(III)Z: keyPressed -> m_7933_
Conflicting propagated mapping for app/vercel/macho_buck_webapp/hidden_house/client/gui/HiddenBlockSetCodeGUIScreen/render(Lnet/minecraft/client/gui/GuiGraphics;IIF)V from net/minecraft/client/gui/screens/inventory/AbstractContainerScreen/render(Lnet/minecraft/client/gui/GuiGraphics;IIF)V: render -> m_88315_
Conflicting propagated mapping for app/vercel/macho_buck_webapp/hidden_house/client/gui/HiddenBlockSetCodeGUIScreen/init()V from net/minecraft/client/gui/screens/inventory/AbstractContainerScreen/init()V: init -> m_7856_
Conflicting propagated mapping for app/vercel/macho_buck_webapp/hidden_house/client/gui/HiddenBlockSetCodeGUIScreen/renderLabels(Lnet/minecraft/client/gui/GuiGraphics;II)V from net/minecraft/client/gui/screens/inventory/AbstractContainerScreen/renderLabels(Lnet/minecraft/client/gui/GuiGraphics;II)V: renderLabels -> m_280003_
Conflicting propagated mapping for app/vercel/macho_buck_webapp/hidden_house/client/gui/HiddenBlockSetCodeGUIScreen/containerTick()V from net/minecraft/client/gui/screens/inventory/AbstractContainerScreen/containerTick()V: containerTick -> m_181908_
Conflicting propagated mapping for app/vercel/macho_buck_webapp/hidden_house/client/gui/HiddenBlockSetCodeGUIScreen/renderBg(Lnet/minecraft/client/gui/GuiGraphics;FII)V from net/minecraft/client/gui/screens/inventory/AbstractContainerScreen/renderBg(Lnet/minecraft/client/gui/GuiGraphics;FII)V: renderBg -> m_7286_
Conflicting propagated mapping for app/vercel/macho_buck_webapp/hidden_house/client/gui/HiddenBlockSetCodeGUIScreen/resize(Lnet/minecraft/client/Minecraft;II)V from net/minecraft/client/gui/screens/Screen/resize(Lnet/minecraft/client/Minecraft;II)V: resize -> m_6574_
Conflicting propagated mapping for app/vercel/macho_buck_webapp/hidden_house/block/HiddenBlockBlock/onRemove(Lnet/minecraft/world/level/block/state/BlockState;Lnet/minecraft/world/level/Level;Lnet/minecraft/core/BlockPos;Lnet/minecraft/world/level/block/state/BlockState;Z)V from net/minecraft/world/level/block/state/BlockBehaviour/onRemove(Lnet/minecraft/world/level/block/state/BlockState;Lnet/minecraft/world/level/Level;Lnet/minecraft/core/BlockPos;Lnet/minecraft/world/level/block/state/BlockState;Z)V: onRemove -> m_6810_
Conflicting propagated mapping for app/vercel/macho_buck_webapp/hidden_house/block/OpenHiddenBlockBlock/onRemove(Lnet/minecraft/world/level/block/state/BlockState;Lnet/minecraft/world/level/Level;Lnet/minecraft/core/BlockPos;Lnet/minecraft/world/level/block/state/BlockState;Z)V from net/minecraft/world/level/block/state/BlockBehaviour/onRemove(Lnet/minecraft/world/level/block/state/BlockState;Lnet/minecraft/world/level/Level;Lnet/minecraft/core/BlockPos;Lnet/minecraft/world/level/block/state/BlockState;Z)V: onRemove -> m_6810_
Conflicting propagated mapping for app/vercel/macho_buck_webapp/hidden_house/block/OpenHiddenBlockBlock/triggerEvent(Lnet/minecraft/world/level/block/state/BlockState;Lnet/minecraft/world/level/Level;Lnet/minecraft/core/BlockPos;II)Z from net/minecraft/world/level/block/state/BlockBehaviour/triggerEvent(Lnet/minecraft/world/level/block/state/BlockState;Lnet/minecraft/world/level/Level;Lnet/minecraft/core/BlockPos;II)Z: triggerEvent -> m_8133_
Conflicting propagated mapping for app/vercel/macho_buck_webapp/hidden_house/block/HiddenBlockBlock/triggerEvent(Lnet/minecraft/world/level/block/state/BlockState;Lnet/minecraft/world/level/Level;Lnet/minecraft/core/BlockPos;II)Z from net/minecraft/world/level/block/state/BlockBehaviour/triggerEvent(Lnet/minecraft/world/level/block/state/BlockState;Lnet/minecraft/world/level/Level;Lnet/minecraft/core/BlockPos;II)Z: triggerEvent -> m_8133_
Conflicting propagated mapping for app/vercel/macho_buck_webapp/hidden_house/block/OpenHiddenBlockBlock/stepOn(Lnet/minecraft/world/level/Level;Lnet/minecraft/core/BlockPos;Lnet/minecraft/world/level/block/state/BlockState;Lnet/minecraft/world/entity/Entity;)V from net/minecraft/world/level/block/Block/stepOn(Lnet/minecraft/world/level/Level;Lnet/minecraft/core/BlockPos;Lnet/minecraft/world/level/block/state/BlockState;Lnet/minecraft/world/entity/Entity;)V: stepOn -> m_141947_
Conflicting propagated mapping for app/vercel/macho_buck_webapp/hidden_house/block/HiddenBlockBlock/setPlacedBy(Lnet/minecraft/world/level/Level;Lnet/minecraft/core/BlockPos;Lnet/minecraft/world/level/block/state/BlockState;Lnet/minecraft/world/entity/LivingEntity;Lnet/minecraft/world/item/ItemStack;)V from net/minecraft/world/level/block/Block/setPlacedBy(Lnet/minecraft/world/level/Level;Lnet/minecraft/core/BlockPos;Lnet/minecraft/world/level/block/state/BlockState;Lnet/minecraft/world/entity/LivingEntity;Lnet/minecraft/world/item/ItemStack;)V: setPlacedBy -> m_6402_
Conflicting propagated mapping for app/vercel/macho_buck_webapp/hidden_house/block/OpenHiddenBlockBlock/getMenuProvider(Lnet/minecraft/world/level/block/state/BlockState;Lnet/minecraft/world/level/Level;Lnet/minecraft/core/BlockPos;)Lnet/minecraft/world/MenuProvider; from net/minecraft/world/level/block/state/BlockBehaviour/getMenuProvider(Lnet/minecraft/world/level/block/state/BlockState;Lnet/minecraft/world/level/Level;Lnet/minecraft/core/BlockPos;)Lnet/minecraft/world/MenuProvider;: getMenuProvider -> m_7246_
Conflicting propagated mapping for app/vercel/macho_buck_webapp/hidden_house/block/HiddenBlockBlock/getMenuProvider(Lnet/minecraft/world/level/block/state/BlockState;Lnet/minecraft/world/level/Level;Lnet/minecraft/core/BlockPos;)Lnet/minecraft/world/MenuProvider; from net/minecraft/world/level/block/state/BlockBehaviour/getMenuProvider(Lnet/minecraft/world/level/block/state/BlockState;Lnet/minecraft/world/level/Level;Lnet/minecraft/core/BlockPos;)Lnet/minecraft/world/MenuProvider;: getMenuProvider -> m_7246_
Conflicting propagated mapping for app/vercel/macho_buck_webapp/hidden_house/block/HiddenBlockBlock/getAnalogOutputSignal(Lnet/minecraft/world/level/block/state/BlockState;Lnet/minecraft/world/level/Level;Lnet/minecraft/core/BlockPos;)I from net/minecraft/world/level/block/state/BlockBehaviour/getAnalogOutputSignal(Lnet/minecraft/world/level/block/state/BlockState;Lnet/minecraft/world/level/Level;Lnet/minecraft/core/BlockPos;)I: getAnalogOutputSignal -> m_6782_
Conflicting propagated mapping for app/vercel/macho_buck_webapp/hidden_house/block/OpenHiddenBlockBlock/getAnalogOutputSignal(Lnet/minecraft/world/level/block/state/BlockState;Lnet/minecraft/world/level/Level;Lnet/minecraft/core/BlockPos;)I from net/minecraft/world/level/block/state/BlockBehaviour/getAnalogOutputSignal(Lnet/minecraft/world/level/block/state/BlockState;Lnet/minecraft/world/level/Level;Lnet/minecraft/core/BlockPos;)I: getAnalogOutputSignal -> m_6782_
Conflicting propagated mapping for app/vercel/macho_buck_webapp/hidden_house/block/OpenHiddenBlockBlock/hasAnalogOutputSignal(Lnet/minecraft/world/level/block/state/BlockState;)Z from net/minecraft/world/level/block/state/BlockBehaviour/hasAnalogOutputSignal(Lnet/minecraft/world/level/block/state/BlockState;)Z: hasAnalogOutputSignal -> m_7278_
Conflicting propagated mapping for app/vercel/macho_buck_webapp/hidden_house/block/HiddenBlockBlock/hasAnalogOutputSignal(Lnet/minecraft/world/level/block/state/BlockState;)Z from net/minecraft/world/level/block/state/BlockBehaviour/hasAnalogOutputSignal(Lnet/minecraft/world/level/block/state/BlockState;)Z: hasAnalogOutputSignal -> m_7278_
Conflicting propagated mapping for app/vercel/macho_buck_webapp/hidden_house/block/OpenHiddenBlockBlock/newBlockEntity(Lnet/minecraft/core/BlockPos;Lnet/minecraft/world/level/block/state/BlockState;)Lnet/minecraft/world/level/block/entity/BlockEntity; from net/minecraft/world/level/block/EntityBlock/newBlockEntity(Lnet/minecraft/core/BlockPos;Lnet/minecraft/world/level/block/state/BlockState;)Lnet/minecraft/world/level/block/entity/BlockEntity;: newBlockEntity -> m_142194_
Conflicting propagated mapping for app/vercel/macho_buck_webapp/hidden_house/client/gui/HiddenBlockGUIScreen/keyPressed(III)Z from net/minecraft/client/gui/screens/inventory/AbstractContainerScreen/keyPressed(III)Z: keyPressed -> m_7933_
Conflicting propagated mapping for app/vercel/macho_buck_webapp/hidden_house/block/HiddenBlockBlock/use(Lnet/minecraft/world/level/block/state/BlockState;Lnet/minecraft/world/level/Level;Lnet/minecraft/core/BlockPos;Lnet/minecraft/world/entity/player/Player;Lnet/minecraft/world/InteractionHand;Lnet/minecraft/world/phys/BlockHitResult;)Lnet/minecraft/world/InteractionResult; from net/minecraft/world/level/block/state/BlockBehaviour/use(Lnet/minecraft/world/level/block/state/BlockState;Lnet/minecraft/world/level/Level;Lnet/minecraft/core/BlockPos;Lnet/minecraft/world/entity/player/Player;Lnet/minecraft/world/InteractionHand;Lnet/minecraft/world/phys/BlockHitResult;)Lnet/minecraft/world/InteractionResult;: use -> m_6227_
Conflicting propagated mapping for app/vercel/macho_buck_webapp/hidden_house/block/HiddenBlockBlock/newBlockEntity(Lnet/minecraft/core/BlockPos;Lnet/minecraft/world/level/block/state/BlockState;)Lnet/minecraft/world/level/block/entity/BlockEntity; from net/minecraft/world/level/block/EntityBlock/newBlockEntity(Lnet/minecraft/core/BlockPos;Lnet/minecraft/world/level/block/state/BlockState;)Lnet/minecraft/world/level/block/entity/BlockEntity;: newBlockEntity -> m_142194_
Conflicting propagated mapping for app/vercel/macho_buck_webapp/hidden_house/client/gui/HiddenBlockGUIScreen/render(Lnet/minecraft/client/gui/GuiGraphics;IIF)V from net/minecraft/client/gui/screens/inventory/AbstractContainerScreen/render(Lnet/minecraft/client/gui/GuiGraphics;IIF)V: render -> m_88315_
Conflicting propagated mapping for app/vercel/macho_buck_webapp/hidden_house/client/gui/HiddenBlockGUIScreen/init()V from net/minecraft/client/gui/screens/inventory/AbstractContainerScreen/init()V: init -> m_7856_
Conflicting propagated mapping for app/vercel/macho_buck_webapp/hidden_house/block/entity/HiddenBlockBlockEntity/getUpdateTag()Lnet/minecraft/nbt/CompoundTag; from net/minecraft/world/level/block/entity/BlockEntity/getUpdateTag()Lnet/minecraft/nbt/CompoundTag;: getUpdateTag -> m_5995_
Conflicting propagated mapping for app/vercel/macho_buck_webapp/hidden_house/block/entity/HiddenBlockBlockEntity/load(Lnet/minecraft/nbt/CompoundTag;)V from net/minecraft/world/level/block/entity/BaseContainerBlockEntity/load(Lnet/minecraft/nbt/CompoundTag;)V: load -> m_142466_
Conflicting propagated mapping for app/vercel/macho_buck_webapp/hidden_house/block/entity/HiddenBlockBlockEntity/isEmpty()Z from net/minecraft/world/level/block/entity/RandomizableContainerBlockEntity/isEmpty()Z: isEmpty -> m_7983_
Conflicting propagated mapping for app/vercel/macho_buck_webapp/hidden_house/block/entity/HiddenBlockBlockEntity/getUpdatePacket()Lnet/minecraft/network/protocol/Packet; from net/minecraft/world/level/block/entity/BlockEntity/getUpdatePacket()Lnet/minecraft/network/protocol/Packet;: getUpdatePacket -> m_58483_
Conflicting propagated mapping for app/vercel/macho_buck_webapp/hidden_house/block/entity/HiddenBlockBlockEntity/saveAdditional(Lnet/minecraft/nbt/CompoundTag;)V from net/minecraft/world/level/block/entity/BaseContainerBlockEntity/saveAdditional(Lnet/minecraft/nbt/CompoundTag;)V: saveAdditional -> m_183515_
Conflicting propagated mapping for app/vercel/macho_buck_webapp/hidden_house/block/entity/HiddenBlockBlockEntity/canPlaceItem(ILnet/minecraft/world/item/ItemStack;)Z from net/minecraft/world/Container/canPlaceItem(ILnet/minecraft/world/item/ItemStack;)Z: canPlaceItem -> m_7013_
Conflicting propagated mapping for app/vercel/macho_buck_webapp/hidden_house/block/entity/HiddenBlockBlockEntity/getDefaultName()Lnet/minecraft/network/chat/Component; from net/minecraft/world/level/block/entity/BaseContainerBlockEntity/getDefaultName()Lnet/minecraft/network/chat/Component;: getDefaultName -> m_6820_
Conflicting propagated mapping for app/vercel/macho_buck_webapp/hidden_house/block/entity/HiddenBlockBlockEntity/getContainerSize()I from net/minecraft/world/Container/getContainerSize()I: getContainerSize -> m_6643_
Conflicting propagated mapping for app/vercel/macho_buck_webapp/hidden_house/block/entity/OpenHiddenBlockBlockEntity/getUpdateTag()Lnet/minecraft/nbt/CompoundTag; from net/minecraft/world/level/block/entity/BlockEntity/getUpdateTag()Lnet/minecraft/nbt/CompoundTag;: getUpdateTag -> m_5995_
Conflicting propagated mapping for app/vercel/macho_buck_webapp/hidden_house/block/entity/OpenHiddenBlockBlockEntity/load(Lnet/minecraft/nbt/CompoundTag;)V from net/minecraft/world/level/block/entity/BaseContainerBlockEntity/load(Lnet/minecraft/nbt/CompoundTag;)V: load -> m_142466_
Conflicting propagated mapping for app/vercel/macho_buck_webapp/hidden_house/block/entity/OpenHiddenBlockBlockEntity/isEmpty()Z from net/minecraft/world/level/block/entity/RandomizableContainerBlockEntity/isEmpty()Z: isEmpty -> m_7983_
Conflicting propagated mapping for app/vercel/macho_buck_webapp/hidden_house/block/entity/OpenHiddenBlockBlockEntity/getUpdatePacket()Lnet/minecraft/network/protocol/Packet; from net/minecraft/world/level/block/entity/BlockEntity/getUpdatePacket()Lnet/minecraft/network/protocol/Packet;: getUpdatePacket -> m_58483_
Conflicting propagated mapping for app/vercel/macho_buck_webapp/hidden_house/block/entity/OpenHiddenBlockBlockEntity/saveAdditional(Lnet/minecraft/nbt/CompoundTag;)V from net/minecraft/world/level/block/entity/BaseContainerBlockEntity/saveAdditional(Lnet/minecraft/nbt/CompoundTag;)V: saveAdditional -> m_183515_
Conflicting propagated mapping for app/vercel/macho_buck_webapp/hidden_house/block/entity/OpenHiddenBlockBlockEntity/canPlaceItem(ILnet/minecraft/world/item/ItemStack;)Z from net/minecraft/world/Container/canPlaceItem(ILnet/minecraft/world/item/ItemStack;)Z: canPlaceItem -> m_7013_
Conflicting propagated mapping for app/vercel/macho_buck_webapp/hidden_house/block/entity/OpenHiddenBlockBlockEntity/getDefaultName()Lnet/minecraft/network/chat/Component; from net/minecraft/world/level/block/entity/BaseContainerBlockEntity/getDefaultName()Lnet/minecraft/network/chat/Component;: getDefaultName -> m_6820_
Conflicting propagated mapping for app/vercel/macho_buck_webapp/hidden_house/block/entity/OpenHiddenBlockBlockEntity/getContainerSize()I from net/minecraft/world/Container/getContainerSize()I: getContainerSize -> m_6643_
Conflicting propagated mapping for app/vercel/macho_buck_webapp/hidden_house/block/entity/OpenHiddenBlockBlockEntity/getItems()Lnet/minecraft/core/NonNullList; from net/minecraft/world/level/block/entity/RandomizableContainerBlockEntity/getItems()Lnet/minecraft/core/NonNullList;: getItems -> m_7086_
Conflicting propagated mapping for app/vercel/macho_buck_webapp/hidden_house/block/entity/OpenHiddenBlockBlockEntity/createMenu(ILnet/minecraft/world/entity/player/Inventory;)Lnet/minecraft/world/inventory/AbstractContainerMenu; from net/minecraft/world/level/block/entity/BaseContainerBlockEntity/createMenu(ILnet/minecraft/world/entity/player/Inventory;)Lnet/minecraft/world/inventory/AbstractContainerMenu;: createMenu -> m_6555_
Conflicting propagated mapping for app/vercel/macho_buck_webapp/hidden_house/block/entity/OpenHiddenBlockBlockEntity/setItems(Lnet/minecraft/core/NonNullList;)V from net/minecraft/world/level/block/entity/RandomizableContainerBlockEntity/setItems(Lnet/minecraft/core/NonNullList;)V: setItems -> m_6520_
Conflicting propagated mapping for app/vercel/macho_buck_webapp/hidden_house/block/entity/OpenHiddenBlockBlockEntity/setRemoved()V from net/minecraft/world/level/block/entity/BlockEntity/setRemoved()V: setRemoved -> m_7651_
Conflicting propagated mapping for app/vercel/macho_buck_webapp/hidden_house/block/entity/OpenHiddenBlockBlockEntity/getDisplayName()Lnet/minecraft/network/chat/Component; from net/minecraft/world/level/block/entity/BaseContainerBlockEntity/getDisplayName()Lnet/minecraft/network/chat/Component;: getDisplayName -> m_5446_
Conflicting propagated mapping for app/vercel/macho_buck_webapp/hidden_house/block/entity/OpenHiddenBlockBlockEntity/canPlaceItemThroughFace(ILnet/minecraft/world/item/ItemStack;Lnet/minecraft/core/Direction;)Z from net/minecraft/world/WorldlyContainer/canPlaceItemThroughFace(ILnet/minecraft/world/item/ItemStack;Lnet/minecraft/core/Direction;)Z: canPlaceItemThroughFace -> m_7155_
Conflicting propagated mapping for app/vercel/macho_buck_webapp/hidden_house/block/entity/OpenHiddenBlockBlockEntity/getSlotsForFace(Lnet/minecraft/core/Direction;)[I from net/minecraft/world/WorldlyContainer/getSlotsForFace(Lnet/minecraft/core/Direction;)[I: getSlotsForFace -> m_7071_
Conflicting propagated mapping for app/vercel/macho_buck_webapp/hidden_house/block/entity/OpenHiddenBlockBlockEntity/canTakeItemThroughFace(ILnet/minecraft/world/item/ItemStack;Lnet/minecraft/core/Direction;)Z from net/minecraft/world/WorldlyContainer/canTakeItemThroughFace(ILnet/minecraft/world/item/ItemStack;Lnet/minecraft/core/Direction;)Z: canTakeItemThroughFace -> m_7157_
Conflicting propagated mapping for app/vercel/macho_buck_webapp/hidden_house/client/gui/HiddenBlockGUIScreen/renderLabels(Lnet/minecraft/client/gui/GuiGraphics;II)V from net/minecraft/client/gui/screens/inventory/AbstractContainerScreen/renderLabels(Lnet/minecraft/client/gui/GuiGraphics;II)V: renderLabels -> m_280003_
Conflicting propagated mapping for app/vercel/macho_buck_webapp/hidden_house/client/gui/HiddenBlockGUIScreen/containerTick()V from net/minecraft/client/gui/screens/inventory/AbstractContainerScreen/containerTick()V: containerTick -> m_181908_
Conflicting propagated mapping for app/vercel/macho_buck_webapp/hidden_house/client/gui/HiddenBlockGUIScreen/renderBg(Lnet/minecraft/client/gui/GuiGraphics;FII)V from net/minecraft/client/gui/screens/inventory/AbstractContainerScreen/renderBg(Lnet/minecraft/client/gui/GuiGraphics;FII)V: renderBg -> m_7286_
Conflicting propagated mapping for app/vercel/macho_buck_webapp/hidden_house/client/gui/HiddenBlockGUIScreen/resize(Lnet/minecraft/client/Minecraft;II)V from net/minecraft/client/gui/screens/Screen/resize(Lnet/minecraft/client/Minecraft;II)V: resize -> m_6574_
Conflicting propagated mapping for app/vercel/macho_buck_webapp/hidden_house/block/entity/HiddenBlockBlockEntity/getItems()Lnet/minecraft/core/NonNullList; from net/minecraft/world/level/block/entity/RandomizableContainerBlockEntity/getItems()Lnet/minecraft/core/NonNullList;: getItems -> m_7086_
Conflicting propagated mapping for app/vercel/macho_buck_webapp/hidden_house/block/entity/HiddenBlockBlockEntity/createMenu(ILnet/minecraft/world/entity/player/Inventory;)Lnet/minecraft/world/inventory/AbstractContainerMenu; from net/minecraft/world/level/block/entity/BaseContainerBlockEntity/createMenu(ILnet/minecraft/world/entity/player/Inventory;)Lnet/minecraft/world/inventory/AbstractContainerMenu;: createMenu -> m_6555_
Conflicting propagated mapping for app/vercel/macho_buck_webapp/hidden_house/block/entity/HiddenBlockBlockEntity/setItems(Lnet/minecraft/core/NonNullList;)V from net/minecraft/world/level/block/entity/RandomizableContainerBlockEntity/setItems(Lnet/minecraft/core/NonNullList;)V: setItems -> m_6520_
Conflicting propagated mapping for app/vercel/macho_buck_webapp/hidden_house/block/entity/HiddenBlockBlockEntity/setRemoved()V from net/minecraft/world/level/block/entity/BlockEntity/setRemoved()V: setRemoved -> m_7651_
Conflicting propagated mapping for app/vercel/macho_buck_webapp/hidden_house/block/entity/HiddenBlockBlockEntity/getDisplayName()Lnet/minecraft/network/chat/Component; from net/minecraft/world/level/block/entity/BaseContainerBlockEntity/getDisplayName()Lnet/minecraft/network/chat/Component;: getDisplayName -> m_5446_
Conflicting propagated mapping for app/vercel/macho_buck_webapp/hidden_house/block/entity/HiddenBlockBlockEntity/canPlaceItemThroughFace(ILnet/minecraft/world/item/ItemStack;Lnet/minecraft/core/Direction;)Z from net/minecraft/world/WorldlyContainer/canPlaceItemThroughFace(ILnet/minecraft/world/item/ItemStack;Lnet/minecraft/core/Direction;)Z: canPlaceItemThroughFace -> m_7155_
Conflicting propagated mapping for app/vercel/macho_buck_webapp/hidden_house/block/entity/HiddenBlockBlockEntity/getSlotsForFace(Lnet/minecraft/core/Direction;)[I from net/minecraft/world/WorldlyContainer/getSlotsForFace(Lnet/minecraft/core/Direction;)[I: getSlotsForFace -> m_7071_
Conflicting propagated mapping for app/vercel/macho_buck_webapp/hidden_house/block/entity/HiddenBlockBlockEntity/canTakeItemThroughFace(ILnet/minecraft/world/item/ItemStack;Lnet/minecraft/core/Direction;)Z from net/minecraft/world/WorldlyContainer/canTakeItemThroughFace(ILnet/minecraft/world/item/ItemStack;Lnet/minecraft/core/Direction;)Z: canTakeItemThroughFace -> m_7157_
Conflicting propagated mapping for app/vercel/macho_buck_webapp/hidden_house/world/inventory/HiddenBlockSetCodeGUIMenu/stillValid(Lnet/minecraft/world/entity/player/Player;)Z from net/minecraft/world/inventory/AbstractContainerMenu/stillValid(Lnet/minecraft/world/entity/player/Player;)Z: stillValid -> m_6875_
Conflicting propagated mapping for app/vercel/macho_buck_webapp/hidden_house/world/inventory/HiddenBlockSetCodeGUIMenu/quickMoveStack(Lnet/minecraft/world/entity/player/Player;I)Lnet/minecraft/world/item/ItemStack; from net/minecraft/world/inventory/AbstractContainerMenu/quickMoveStack(Lnet/minecraft/world/entity/player/Player;I)Lnet/minecraft/world/item/ItemStack;: quickMoveStack -> m_7648_
Conflicting propagated mapping for app/vercel/macho_buck_webapp/hidden_house/world/inventory/HiddenBlockGUIMenu/stillValid(Lnet/minecraft/world/entity/player/Player;)Z from net/minecraft/world/inventory/AbstractContainerMenu/stillValid(Lnet/minecraft/world/entity/player/Player;)Z: stillValid -> m_6875_
Conflicting propagated mapping for app/vercel/macho_buck_webapp/hidden_house/world/inventory/HiddenBlockGUIMenu/quickMoveStack(Lnet/minecraft/world/entity/player/Player;I)Lnet/minecraft/world/item/ItemStack; from net/minecraft/world/inventory/AbstractContainerMenu/quickMoveStack(Lnet/minecraft/world/entity/player/Player;I)Lnet/minecraft/world/item/ItemStack;: quickMoveStack -> m_7648_
Conflicting propagated mapping for net/minecraftforge/network/IContainerFactory/create(ILnet/minecraft/world/entity/player/Inventory;)Lnet/minecraft/world/inventory/AbstractContainerMenu; from net/minecraft/world/inventory/MenuType$MenuSupplier/create(ILnet/minecraft/world/entity/player/Inventory;)Lnet/minecraft/world/inventory/AbstractContainerMenu;: create -> m_39994_
Conflicting propagated mapping for app/vercel/macho_buck_webapp/hidden_house/procedures/OpenHiddenBlockMenuProcedure$1/createMenu(ILnet/minecraft/world/entity/player/Inventory;Lnet/minecraft/world/entity/player/Player;)Lnet/minecraft/world/inventory/AbstractContainerMenu; from net/minecraft/world/inventory/MenuConstructor/createMenu(ILnet/minecraft/world/entity/player/Inventory;Lnet/minecraft/world/entity/player/Player;)Lnet/minecraft/world/inventory/AbstractContainerMenu;: createMenu -> m_7208_
Conflicting propagated mapping for app/vercel/macho_buck_webapp/hidden_house/procedures/OpenHiddenBlockMenuProcedure$1/getDisplayName()Lnet/minecraft/network/chat/Component; from net/minecraft/world/MenuProvider/getDisplayName()Lnet/minecraft/network/chat/Component;: getDisplayName -> m_5446_
Conflicting propagated mapping for net/minecraftforge/event/BuildCreativeModeTabContentsEvent/accept(Lnet/minecraft/world/item/ItemStack;Lnet/minecraft/world/item/CreativeModeTab$TabVisibility;)V from net/minecraft/world/item/CreativeModeTab$Output/accept(Lnet/minecraft/world/item/ItemStack;Lnet/minecraft/world/item/CreativeModeTab$TabVisibility;)V: accept -> m_246267_
Conflicting propagated mapping for net/minecraft/world/entity/LivingEntity/lambda$addAdditionalSaveData$3(Lnet/minecraft/nbt/CompoundTag;Lnet/minecraft/nbt/Tag;)V from net/minecraft/world/entity/player/Player/lambda$addAdditionalSaveData$3(Lnet/minecraft/nbt/CompoundTag;Lnet/minecraft/nbt/Tag;)V: lambda$addAdditionalSaveData$3 -> m_219754_
Adding extras
Sorting
Writing Output: C:\Users\SPINKPOOF\MCreatorWorkspaces\home\build\libs\modid-1.0.jar
=======
Reading Input: C:\Users\SPINKPOOF\MCreatorWorkspaces\home 2\build\devlibs\modid-1.0.jar
Adding input to inheritance map
Processing entries
Conflicting propagated mapping for app/vercel/macho_buck_webapp/hidden_house/procedures/ReverseHiddenBlockSetCodeProcedure$1/createMenu(ILnet/minecraft/world/entity/player/Inventory;Lnet/minecraft/world/entity/player/Player;)Lnet/minecraft/world/inventory/AbstractContainerMenu; from net/minecraft/world/inventory/MenuConstructor/createMenu(ILnet/minecraft/world/entity/player/Inventory;Lnet/minecraft/world/entity/player/Player;)Lnet/minecraft/world/inventory/AbstractContainerMenu;: createMenu -> m_7208_
Conflicting propagated mapping for app/vercel/macho_buck_webapp/hidden_house/procedures/ReverseHiddenBlockSetCodeProcedure$1/getDisplayName()Lnet/minecraft/network/chat/Component; from net/minecraft/world/MenuProvider/getDisplayName()Lnet/minecraft/network/chat/Component;: getDisplayName -> m_5446_
Conflicting propagated mapping for app/vercel/macho_buck_webapp/hidden_house/block/ReverseOpenHiddenBlockBlock/onRemove(Lnet/minecraft/world/level/block/state/BlockState;Lnet/minecraft/world/level/Level;Lnet/minecraft/core/BlockPos;Lnet/minecraft/world/level/block/state/BlockState;Z)V from net/minecraft/world/level/block/state/BlockBehaviour/onRemove(Lnet/minecraft/world/level/block/state/BlockState;Lnet/minecraft/world/level/Level;Lnet/minecraft/core/BlockPos;Lnet/minecraft/world/level/block/state/BlockState;Z)V: onRemove -> m_6810_
Conflicting propagated mapping for app/vercel/macho_buck_webapp/hidden_house/block/ReverseOpenHiddenBlockBlock/triggerEvent(Lnet/minecraft/world/level/block/state/BlockState;Lnet/minecraft/world/level/Level;Lnet/minecraft/core/BlockPos;II)Z from net/minecraft/world/level/block/state/BlockBehaviour/triggerEvent(Lnet/minecraft/world/level/block/state/BlockState;Lnet/minecraft/world/level/Level;Lnet/minecraft/core/BlockPos;II)Z: triggerEvent -> m_8133_
Conflicting propagated mapping for app/vercel/macho_buck_webapp/hidden_house/block/ReverseHiddenBlockBlock/onRemove(Lnet/minecraft/world/level/block/state/BlockState;Lnet/minecraft/world/level/Level;Lnet/minecraft/core/BlockPos;Lnet/minecraft/world/level/block/state/BlockState;Z)V from net/minecraft/world/level/block/state/BlockBehaviour/onRemove(Lnet/minecraft/world/level/block/state/BlockState;Lnet/minecraft/world/level/Level;Lnet/minecraft/core/BlockPos;Lnet/minecraft/world/level/block/state/BlockState;Z)V: onRemove -> m_6810_
Conflicting propagated mapping for app/vercel/macho_buck_webapp/hidden_house/block/ReverseHiddenBlockBlock/triggerEvent(Lnet/minecraft/world/level/block/state/BlockState;Lnet/minecraft/world/level/Level;Lnet/minecraft/core/BlockPos;II)Z from net/minecraft/world/level/block/state/BlockBehaviour/triggerEvent(Lnet/minecraft/world/level/block/state/BlockState;Lnet/minecraft/world/level/Level;Lnet/minecraft/core/BlockPos;II)Z: triggerEvent -> m_8133_
Conflicting propagated mapping for app/vercel/macho_buck_webapp/hidden_house/block/ReverseOpenHiddenBlockBlock/getMenuProvider(Lnet/minecraft/world/level/block/state/BlockState;Lnet/minecraft/world/level/Level;Lnet/minecraft/core/BlockPos;)Lnet/minecraft/world/MenuProvider; from net/minecraft/world/level/block/state/BlockBehaviour/getMenuProvider(Lnet/minecraft/world/level/block/state/BlockState;Lnet/minecraft/world/level/Level;Lnet/minecraft/core/BlockPos;)Lnet/minecraft/world/MenuProvider;: getMenuProvider -> m_7246_
Conflicting propagated mapping for app/vercel/macho_buck_webapp/hidden_house/block/ReverseOpenHiddenBlockBlock/getAnalogOutputSignal(Lnet/minecraft/world/level/block/state/BlockState;Lnet/minecraft/world/level/Level;Lnet/minecraft/core/BlockPos;)I from net/minecraft/world/level/block/state/BlockBehaviour/getAnalogOutputSignal(Lnet/minecraft/world/level/block/state/BlockState;Lnet/minecraft/world/level/Level;Lnet/minecraft/core/BlockPos;)I: getAnalogOutputSignal -> m_6782_
Conflicting propagated mapping for app/vercel/macho_buck_webapp/hidden_house/block/ReverseOpenHiddenBlockBlock/hasAnalogOutputSignal(Lnet/minecraft/world/level/block/state/BlockState;)Z from net/minecraft/world/level/block/state/BlockBehaviour/hasAnalogOutputSignal(Lnet/minecraft/world/level/block/state/BlockState;)Z: hasAnalogOutputSignal -> m_7278_
Conflicting propagated mapping for app/vercel/macho_buck_webapp/hidden_house/block/ReverseOpenHiddenBlockBlock/use(Lnet/minecraft/world/level/block/state/BlockState;Lnet/minecraft/world/level/Level;Lnet/minecraft/core/BlockPos;Lnet/minecraft/world/entity/player/Player;Lnet/minecraft/world/InteractionHand;Lnet/minecraft/world/phys/BlockHitResult;)Lnet/minecraft/world/InteractionResult; from net/minecraft/world/level/block/state/BlockBehaviour/use(Lnet/minecraft/world/level/block/state/BlockState;Lnet/minecraft/world/level/Level;Lnet/minecraft/core/BlockPos;Lnet/minecraft/world/entity/player/Player;Lnet/minecraft/world/InteractionHand;Lnet/minecraft/world/phys/BlockHitResult;)Lnet/minecraft/world/InteractionResult;: use -> m_6227_
Conflicting propagated mapping for app/vercel/macho_buck_webapp/hidden_house/block/ReverseOpenHiddenBlockBlock/newBlockEntity(Lnet/minecraft/core/BlockPos;Lnet/minecraft/world/level/block/state/BlockState;)Lnet/minecraft/world/level/block/entity/BlockEntity; from net/minecraft/world/level/block/EntityBlock/newBlockEntity(Lnet/minecraft/core/BlockPos;Lnet/minecraft/world/level/block/state/BlockState;)Lnet/minecraft/world/level/block/entity/BlockEntity;: newBlockEntity -> m_142194_
Conflicting propagated mapping for app/vercel/macho_buck_webapp/hidden_house/block/ReverseHiddenBlockBlock/setPlacedBy(Lnet/minecraft/world/level/Level;Lnet/minecraft/core/BlockPos;Lnet/minecraft/world/level/block/state/BlockState;Lnet/minecraft/world/entity/LivingEntity;Lnet/minecraft/world/item/ItemStack;)V from net/minecraft/world/level/block/Block/setPlacedBy(Lnet/minecraft/world/level/Level;Lnet/minecraft/core/BlockPos;Lnet/minecraft/world/level/block/state/BlockState;Lnet/minecraft/world/entity/LivingEntity;Lnet/minecraft/world/item/ItemStack;)V: setPlacedBy -> m_6402_
Conflicting propagated mapping for app/vercel/macho_buck_webapp/hidden_house/block/ReverseHiddenBlockBlock/getMenuProvider(Lnet/minecraft/world/level/block/state/BlockState;Lnet/minecraft/world/level/Level;Lnet/minecraft/core/BlockPos;)Lnet/minecraft/world/MenuProvider; from net/minecraft/world/level/block/state/BlockBehaviour/getMenuProvider(Lnet/minecraft/world/level/block/state/BlockState;Lnet/minecraft/world/level/Level;Lnet/minecraft/core/BlockPos;)Lnet/minecraft/world/MenuProvider;: getMenuProvider -> m_7246_
Conflicting propagated mapping for app/vercel/macho_buck_webapp/hidden_house/block/ReverseHiddenBlockBlock/getAnalogOutputSignal(Lnet/minecraft/world/level/block/state/BlockState;Lnet/minecraft/world/level/Level;Lnet/minecraft/core/BlockPos;)I from net/minecraft/world/level/block/state/BlockBehaviour/getAnalogOutputSignal(Lnet/minecraft/world/level/block/state/BlockState;Lnet/minecraft/world/level/Level;Lnet/minecraft/core/BlockPos;)I: getAnalogOutputSignal -> m_6782_
Conflicting propagated mapping for app/vercel/macho_buck_webapp/hidden_house/block/ReverseHiddenBlockBlock/hasAnalogOutputSignal(Lnet/minecraft/world/level/block/state/BlockState;)Z from net/minecraft/world/level/block/state/BlockBehaviour/hasAnalogOutputSignal(Lnet/minecraft/world/level/block/state/BlockState;)Z: hasAnalogOutputSignal -> m_7278_
Conflicting propagated mapping for app/vercel/macho_buck_webapp/hidden_house/block/ReverseHiddenBlockBlock/use(Lnet/minecraft/world/level/block/state/BlockState;Lnet/minecraft/world/level/Level;Lnet/minecraft/core/BlockPos;Lnet/minecraft/world/entity/player/Player;Lnet/minecraft/world/InteractionHand;Lnet/minecraft/world/phys/BlockHitResult;)Lnet/minecraft/world/InteractionResult; from net/minecraft/world/level/block/state/BlockBehaviour/use(Lnet/minecraft/world/level/block/state/BlockState;Lnet/minecraft/world/level/Level;Lnet/minecraft/core/BlockPos;Lnet/minecraft/world/entity/player/Player;Lnet/minecraft/world/InteractionHand;Lnet/minecraft/world/phys/BlockHitResult;)Lnet/minecraft/world/InteractionResult;: use -> m_6227_
Conflicting propagated mapping for app/vercel/macho_buck_webapp/hidden_house/block/ReverseHiddenBlockBlock/newBlockEntity(Lnet/minecraft/core/BlockPos;Lnet/minecraft/world/level/block/state/BlockState;)Lnet/minecraft/world/level/block/entity/BlockEntity; from net/minecraft/world/level/block/EntityBlock/newBlockEntity(Lnet/minecraft/core/BlockPos;Lnet/minecraft/world/level/block/state/BlockState;)Lnet/minecraft/world/level/block/entity/BlockEntity;: newBlockEntity -> m_142194_
Conflicting propagated mapping for app/vercel/macho_buck_webapp/hidden_house/block/entity/ReverseHiddenBlockBlockEntity/getUpdateTag()Lnet/minecraft/nbt/CompoundTag; from net/minecraft/world/level/block/entity/BlockEntity/getUpdateTag()Lnet/minecraft/nbt/CompoundTag;: getUpdateTag -> m_5995_
Conflicting propagated mapping for app/vercel/macho_buck_webapp/hidden_house/block/entity/ReverseHiddenBlockBlockEntity/load(Lnet/minecraft/nbt/CompoundTag;)V from net/minecraft/world/level/block/entity/BaseContainerBlockEntity/load(Lnet/minecraft/nbt/CompoundTag;)V: load -> m_142466_
Conflicting propagated mapping for app/vercel/macho_buck_webapp/hidden_house/block/entity/ReverseHiddenBlockBlockEntity/isEmpty()Z from net/minecraft/world/level/block/entity/RandomizableContainerBlockEntity/isEmpty()Z: isEmpty -> m_7983_
Conflicting propagated mapping for app/vercel/macho_buck_webapp/hidden_house/block/entity/ReverseOpenHiddenBlockBlockEntity/getUpdateTag()Lnet/minecraft/nbt/CompoundTag; from net/minecraft/world/level/block/entity/BlockEntity/getUpdateTag()Lnet/minecraft/nbt/CompoundTag;: getUpdateTag -> m_5995_
Conflicting propagated mapping for app/vercel/macho_buck_webapp/hidden_house/block/entity/ReverseOpenHiddenBlockBlockEntity/load(Lnet/minecraft/nbt/CompoundTag;)V from net/minecraft/world/level/block/entity/BaseContainerBlockEntity/load(Lnet/minecraft/nbt/CompoundTag;)V: load -> m_142466_
Conflicting propagated mapping for app/vercel/macho_buck_webapp/hidden_house/block/entity/ReverseHiddenBlockBlockEntity/getUpdatePacket()Lnet/minecraft/network/protocol/Packet; from net/minecraft/world/level/block/entity/BlockEntity/getUpdatePacket()Lnet/minecraft/network/protocol/Packet;: getUpdatePacket -> m_58483_
Conflicting propagated mapping for app/vercel/macho_buck_webapp/hidden_house/block/entity/ReverseOpenHiddenBlockBlockEntity/isEmpty()Z from net/minecraft/world/level/block/entity/RandomizableContainerBlockEntity/isEmpty()Z: isEmpty -> m_7983_
Conflicting propagated mapping for app/vercel/macho_buck_webapp/hidden_house/block/entity/ReverseHiddenBlockBlockEntity/saveAdditional(Lnet/minecraft/nbt/CompoundTag;)V from net/minecraft/world/level/block/entity/BaseContainerBlockEntity/saveAdditional(Lnet/minecraft/nbt/CompoundTag;)V: saveAdditional -> m_183515_
Conflicting propagated mapping for app/vercel/macho_buck_webapp/hidden_house/block/entity/ReverseHiddenBlockBlockEntity/canPlaceItem(ILnet/minecraft/world/item/ItemStack;)Z from net/minecraft/world/Container/canPlaceItem(ILnet/minecraft/world/item/ItemStack;)Z: canPlaceItem -> m_7013_
Conflicting propagated mapping for app/vercel/macho_buck_webapp/hidden_house/block/entity/ReverseHiddenBlockBlockEntity/getDefaultName()Lnet/minecraft/network/chat/Component; from net/minecraft/world/level/block/entity/BaseContainerBlockEntity/getDefaultName()Lnet/minecraft/network/chat/Component;: getDefaultName -> m_6820_
Conflicting propagated mapping for app/vercel/macho_buck_webapp/hidden_house/block/entity/ReverseHiddenBlockBlockEntity/getContainerSize()I from net/minecraft/world/Container/getContainerSize()I: getContainerSize -> m_6643_
Conflicting propagated mapping for app/vercel/macho_buck_webapp/hidden_house/block/entity/ReverseHiddenBlockBlockEntity/getItems()Lnet/minecraft/core/NonNullList; from net/minecraft/world/level/block/entity/RandomizableContainerBlockEntity/getItems()Lnet/minecraft/core/NonNullList;: getItems -> m_7086_
Conflicting propagated mapping for app/vercel/macho_buck_webapp/hidden_house/block/entity/ReverseOpenHiddenBlockBlockEntity/getUpdatePacket()Lnet/minecraft/network/protocol/Packet; from net/minecraft/world/level/block/entity/BlockEntity/getUpdatePacket()Lnet/minecraft/network/protocol/Packet;: getUpdatePacket -> m_58483_
Conflicting propagated mapping for app/vercel/macho_buck_webapp/hidden_house/block/entity/ReverseOpenHiddenBlockBlockEntity/saveAdditional(Lnet/minecraft/nbt/CompoundTag;)V from net/minecraft/world/level/block/entity/BaseContainerBlockEntity/saveAdditional(Lnet/minecraft/nbt/CompoundTag;)V: saveAdditional -> m_183515_
Conflicting propagated mapping for app/vercel/macho_buck_webapp/hidden_house/block/entity/ReverseOpenHiddenBlockBlockEntity/canPlaceItem(ILnet/minecraft/world/item/ItemStack;)Z from net/minecraft/world/Container/canPlaceItem(ILnet/minecraft/world/item/ItemStack;)Z: canPlaceItem -> m_7013_
Conflicting propagated mapping for app/vercel/macho_buck_webapp/hidden_house/block/entity/ReverseHiddenBlockBlockEntity/createMenu(ILnet/minecraft/world/entity/player/Inventory;)Lnet/minecraft/world/inventory/AbstractContainerMenu; from net/minecraft/world/level/block/entity/BaseContainerBlockEntity/createMenu(ILnet/minecraft/world/entity/player/Inventory;)Lnet/minecraft/world/inventory/AbstractContainerMenu;: createMenu -> m_6555_
Conflicting propagated mapping for app/vercel/macho_buck_webapp/hidden_house/block/entity/ReverseOpenHiddenBlockBlockEntity/getDefaultName()Lnet/minecraft/network/chat/Component; from net/minecraft/world/level/block/entity/BaseContainerBlockEntity/getDefaultName()Lnet/minecraft/network/chat/Component;: getDefaultName -> m_6820_
Conflicting propagated mapping for app/vercel/macho_buck_webapp/hidden_house/block/entity/ReverseHiddenBlockBlockEntity/setItems(Lnet/minecraft/core/NonNullList;)V from net/minecraft/world/level/block/entity/RandomizableContainerBlockEntity/setItems(Lnet/minecraft/core/NonNullList;)V: setItems -> m_6520_
Conflicting propagated mapping for app/vercel/macho_buck_webapp/hidden_house/block/entity/ReverseOpenHiddenBlockBlockEntity/getContainerSize()I from net/minecraft/world/Container/getContainerSize()I: getContainerSize -> m_6643_
Conflicting propagated mapping for app/vercel/macho_buck_webapp/hidden_house/block/entity/ReverseHiddenBlockBlockEntity/setRemoved()V from net/minecraft/world/level/block/entity/BlockEntity/setRemoved()V: setRemoved -> m_7651_
Conflicting propagated mapping for app/vercel/macho_buck_webapp/hidden_house/block/entity/ReverseOpenHiddenBlockBlockEntity/getItems()Lnet/minecraft/core/NonNullList; from net/minecraft/world/level/block/entity/RandomizableContainerBlockEntity/getItems()Lnet/minecraft/core/NonNullList;: getItems -> m_7086_
Conflicting propagated mapping for app/vercel/macho_buck_webapp/hidden_house/block/entity/ReverseHiddenBlockBlockEntity/getDisplayName()Lnet/minecraft/network/chat/Component; from net/minecraft/world/level/block/entity/BaseContainerBlockEntity/getDisplayName()Lnet/minecraft/network/chat/Component;: getDisplayName -> m_5446_
Conflicting propagated mapping for app/vercel/macho_buck_webapp/hidden_house/block/entity/ReverseHiddenBlockBlockEntity/canPlaceItemThroughFace(ILnet/minecraft/world/item/ItemStack;Lnet/minecraft/core/Direction;)Z from net/minecraft/world/WorldlyContainer/canPlaceItemThroughFace(ILnet/minecraft/world/item/ItemStack;Lnet/minecraft/core/Direction;)Z: canPlaceItemThroughFace -> m_7155_
Conflicting propagated mapping for app/vercel/macho_buck_webapp/hidden_house/client/gui/ReverseHiddenBlockGUIScreen/keyPressed(III)Z from net/minecraft/client/gui/screens/inventory/AbstractContainerScreen/keyPressed(III)Z: keyPressed -> m_7933_
Conflicting propagated mapping for app/vercel/macho_buck_webapp/hidden_house/block/entity/ReverseOpenHiddenBlockBlockEntity/createMenu(ILnet/minecraft/world/entity/player/Inventory;)Lnet/minecraft/world/inventory/AbstractContainerMenu; from net/minecraft/world/level/block/entity/BaseContainerBlockEntity/createMenu(ILnet/minecraft/world/entity/player/Inventory;)Lnet/minecraft/world/inventory/AbstractContainerMenu;: createMenu -> m_6555_
Conflicting propagated mapping for app/vercel/macho_buck_webapp/hidden_house/client/gui/ReverseHiddenBlockSetCodeGUIScreen/keyPressed(III)Z from net/minecraft/client/gui/screens/inventory/AbstractContainerScreen/keyPressed(III)Z: keyPressed -> m_7933_
Conflicting propagated mapping for app/vercel/macho_buck_webapp/hidden_house/client/gui/ReverseHiddenBlockGUIScreen/render(Lnet/minecraft/client/gui/GuiGraphics;IIF)V from net/minecraft/client/gui/screens/inventory/AbstractContainerScreen/render(Lnet/minecraft/client/gui/GuiGraphics;IIF)V: render -> m_88315_
Conflicting propagated mapping for app/vercel/macho_buck_webapp/hidden_house/client/gui/ReverseHiddenBlockGUIScreen/init()V from net/minecraft/client/gui/screens/inventory/AbstractContainerScreen/init()V: init -> m_7856_
Conflicting propagated mapping for app/vercel/macho_buck_webapp/hidden_house/client/gui/ReverseHiddenBlockSetCodeGUIScreen/render(Lnet/minecraft/client/gui/GuiGraphics;IIF)V from net/minecraft/client/gui/screens/inventory/AbstractContainerScreen/render(Lnet/minecraft/client/gui/GuiGraphics;IIF)V: render -> m_88315_
Conflicting propagated mapping for app/vercel/macho_buck_webapp/hidden_house/block/entity/ReverseHiddenBlockBlockEntity/getSlotsForFace(Lnet/minecraft/core/Direction;)[I from net/minecraft/world/WorldlyContainer/getSlotsForFace(Lnet/minecraft/core/Direction;)[I: getSlotsForFace -> m_7071_
Conflicting propagated mapping for app/vercel/macho_buck_webapp/hidden_house/client/gui/ReverseHiddenBlockGUIScreen/renderLabels(Lnet/minecraft/client/gui/GuiGraphics;II)V from net/minecraft/client/gui/screens/inventory/AbstractContainerScreen/renderLabels(Lnet/minecraft/client/gui/GuiGraphics;II)V: renderLabels -> m_280003_
Conflicting propagated mapping for app/vercel/macho_buck_webapp/hidden_house/block/entity/ReverseHiddenBlockBlockEntity/canTakeItemThroughFace(ILnet/minecraft/world/item/ItemStack;Lnet/minecraft/core/Direction;)Z from net/minecraft/world/WorldlyContainer/canTakeItemThroughFace(ILnet/minecraft/world/item/ItemStack;Lnet/minecraft/core/Direction;)Z: canTakeItemThroughFace -> m_7157_
Conflicting propagated mapping for app/vercel/macho_buck_webapp/hidden_house/client/gui/ReverseHiddenBlockGUIScreen/containerTick()V from net/minecraft/client/gui/screens/inventory/AbstractContainerScreen/containerTick()V: containerTick -> m_181908_
Conflicting propagated mapping for app/vercel/macho_buck_webapp/hidden_house/block/entity/ReverseOpenHiddenBlockBlockEntity/setItems(Lnet/minecraft/core/NonNullList;)V from net/minecraft/world/level/block/entity/RandomizableContainerBlockEntity/setItems(Lnet/minecraft/core/NonNullList;)V: setItems -> m_6520_
Conflicting propagated mapping for app/vercel/macho_buck_webapp/hidden_house/client/gui/ReverseHiddenBlockGUIScreen/renderBg(Lnet/minecraft/client/gui/GuiGraphics;FII)V from net/minecraft/client/gui/screens/inventory/AbstractContainerScreen/renderBg(Lnet/minecraft/client/gui/GuiGraphics;FII)V: renderBg -> m_7286_
Conflicting propagated mapping for app/vercel/macho_buck_webapp/hidden_house/block/entity/ReverseOpenHiddenBlockBlockEntity/setRemoved()V from net/minecraft/world/level/block/entity/BlockEntity/setRemoved()V: setRemoved -> m_7651_
Conflicting propagated mapping for app/vercel/macho_buck_webapp/hidden_house/block/entity/ReverseOpenHiddenBlockBlockEntity/getDisplayName()Lnet/minecraft/network/chat/Component; from net/minecraft/world/level/block/entity/BaseContainerBlockEntity/getDisplayName()Lnet/minecraft/network/chat/Component;: getDisplayName -> m_5446_
Conflicting propagated mapping for app/vercel/macho_buck_webapp/hidden_house/client/gui/ReverseHiddenBlockSetCodeGUIScreen/init()V from net/minecraft/client/gui/screens/inventory/AbstractContainerScreen/init()V: init -> m_7856_
Conflicting propagated mapping for app/vercel/macho_buck_webapp/hidden_house/client/gui/ReverseHiddenBlockSetCodeGUIScreen/renderLabels(Lnet/minecraft/client/gui/GuiGraphics;II)V from net/minecraft/client/gui/screens/inventory/AbstractContainerScreen/renderLabels(Lnet/minecraft/client/gui/GuiGraphics;II)V: renderLabels -> m_280003_
Conflicting propagated mapping for app/vercel/macho_buck_webapp/hidden_house/client/gui/ReverseHiddenBlockSetCodeGUIScreen/containerTick()V from net/minecraft/client/gui/screens/inventory/AbstractContainerScreen/containerTick()V: containerTick -> m_181908_
Conflicting propagated mapping for app/vercel/macho_buck_webapp/hidden_house/client/gui/ReverseHiddenBlockGUIScreen/resize(Lnet/minecraft/client/Minecraft;II)V from net/minecraft/client/gui/screens/Screen/resize(Lnet/minecraft/client/Minecraft;II)V: resize -> m_6574_
Conflicting propagated mapping for app/vercel/macho_buck_webapp/hidden_house/block/entity/ReverseOpenHiddenBlockBlockEntity/canPlaceItemThroughFace(ILnet/minecraft/world/item/ItemStack;Lnet/minecraft/core/Direction;)Z from net/minecraft/world/WorldlyContainer/canPlaceItemThroughFace(ILnet/minecraft/world/item/ItemStack;Lnet/minecraft/core/Direction;)Z: canPlaceItemThroughFace -> m_7155_
Conflicting propagated mapping for app/vercel/macho_buck_webapp/hidden_house/client/gui/ReverseHiddenBlockSetCodeGUIScreen/renderBg(Lnet/minecraft/client/gui/GuiGraphics;FII)V from net/minecraft/client/gui/screens/inventory/AbstractContainerScreen/renderBg(Lnet/minecraft/client/gui/GuiGraphics;FII)V: renderBg -> m_7286_
Conflicting propagated mapping for app/vercel/macho_buck_webapp/hidden_house/block/entity/ReverseOpenHiddenBlockBlockEntity/getSlotsForFace(Lnet/minecraft/core/Direction;)[I from net/minecraft/world/WorldlyContainer/getSlotsForFace(Lnet/minecraft/core/Direction;)[I: getSlotsForFace -> m_7071_
Conflicting propagated mapping for app/vercel/macho_buck_webapp/hidden_house/block/entity/ReverseOpenHiddenBlockBlockEntity/canTakeItemThroughFace(ILnet/minecraft/world/item/ItemStack;Lnet/minecraft/core/Direction;)Z from net/minecraft/world/WorldlyContainer/canTakeItemThroughFace(ILnet/minecraft/world/item/ItemStack;Lnet/minecraft/core/Direction;)Z: canTakeItemThroughFace -> m_7157_
Conflicting propagated mapping for app/vercel/macho_buck_webapp/hidden_house/client/gui/ReverseHiddenBlockSetCodeGUIScreen/resize(Lnet/minecraft/client/Minecraft;II)V from net/minecraft/client/gui/screens/Screen/resize(Lnet/minecraft/client/Minecraft;II)V: resize -> m_6574_
Conflicting propagated mapping for app/vercel/macho_buck_webapp/hidden_house/world/inventory/ReverseHiddenBlockSetCodeGUIMenu/stillValid(Lnet/minecraft/world/entity/player/Player;)Z from net/minecraft/world/inventory/AbstractContainerMenu/stillValid(Lnet/minecraft/world/entity/player/Player;)Z: stillValid -> m_6875_
Conflicting propagated mapping for app/vercel/macho_buck_webapp/hidden_house/world/inventory/ReverseHiddenBlockSetCodeGUIMenu/quickMoveStack(Lnet/minecraft/world/entity/player/Player;I)Lnet/minecraft/world/item/ItemStack; from net/minecraft/world/inventory/AbstractContainerMenu/quickMoveStack(Lnet/minecraft/world/entity/player/Player;I)Lnet/minecraft/world/item/ItemStack;: quickMoveStack -> m_7648_
Conflicting propagated mapping for app/vercel/macho_buck_webapp/hidden_house/world/inventory/ReverseHiddenBlockGUIMenu/stillValid(Lnet/minecraft/world/entity/player/Player;)Z from net/minecraft/world/inventory/AbstractContainerMenu/stillValid(Lnet/minecraft/world/entity/player/Player;)Z: stillValid -> m_6875_
Conflicting propagated mapping for app/vercel/macho_buck_webapp/hidden_house/world/inventory/ReverseHiddenBlockGUIMenu/quickMoveStack(Lnet/minecraft/world/entity/player/Player;I)Lnet/minecraft/world/item/ItemStack; from net/minecraft/world/inventory/AbstractContainerMenu/quickMoveStack(Lnet/minecraft/world/entity/player/Player;I)Lnet/minecraft/world/item/ItemStack;: quickMoveStack -> m_7648_
Conflicting propagated mapping for net/minecraftforge/event/BuildCreativeModeTabContentsEvent/accept(Lnet/minecraft/world/item/ItemStack;Lnet/minecraft/world/item/CreativeModeTab$TabVisibility;)V from net/minecraft/world/item/CreativeModeTab$Output/accept(Lnet/minecraft/world/item/ItemStack;Lnet/minecraft/world/item/CreativeModeTab$TabVisibility;)V: accept -> m_246267_
Conflicting propagated mapping for app/vercel/macho_buck_webapp/hidden_house/procedures/ReverseOpenHiddenBlockMenuProcedure$1/createMenu(ILnet/minecraft/world/entity/player/Inventory;Lnet/minecraft/world/entity/player/Player;)Lnet/minecraft/world/inventory/AbstractContainerMenu; from net/minecraft/world/inventory/MenuConstructor/createMenu(ILnet/minecraft/world/entity/player/Inventory;Lnet/minecraft/world/entity/player/Player;)Lnet/minecraft/world/inventory/AbstractContainerMenu;: createMenu -> m_7208_
Conflicting propagated mapping for app/vercel/macho_buck_webapp/hidden_house/procedures/ReverseOpenHiddenBlockMenuProcedure$1/getDisplayName()Lnet/minecraft/network/chat/Component; from net/minecraft/world/MenuProvider/getDisplayName()Lnet/minecraft/network/chat/Component;: getDisplayName -> m_5446_
Conflicting propagated mapping for net/minecraftforge/network/IContainerFactory/create(ILnet/minecraft/world/entity/player/Inventory;)Lnet/minecraft/world/inventory/AbstractContainerMenu; from net/minecraft/world/inventory/MenuType$MenuSupplier/create(ILnet/minecraft/world/entity/player/Inventory;)Lnet/minecraft/world/inventory/AbstractContainerMenu;: create -> m_39994_
Conflicting propagated mapping for net/minecraft/world/entity/LivingEntity/lambda$addAdditionalSaveData$3(Lnet/minecraft/nbt/CompoundTag;Lnet/minecraft/nbt/Tag;)V from net/minecraft/world/entity/player/Player/lambda$addAdditionalSaveData$3(Lnet/minecraft/nbt/CompoundTag;Lnet/minecraft/nbt/Tag;)V: lambda$addAdditionalSaveData$3 -> m_219754_
Adding extras
Sorting
Writing Output: C:\Users\SPINKPOOF\MCreatorWorkspaces\home 2\build\libs\modid-1.0.jar
>>>>>>> Stashed changes
  META-INF/
  META-INF/MANIFEST.MF
  META-INF/jarjar/
  META-INF/jarjar/metadata.json
  META-INF/jarjar/mixinextras-forge-0.5.0.jar
  META-INF/mods.toml
  app/
  app/vercel/
  app/vercel/macho_buck_webapp/
  app/vercel/macho_buck_webapp/hidden_house/
  app/vercel/macho_buck_webapp/hidden_house/HiddenHouseMod.class
  app/vercel/macho_buck_webapp/hidden_house/block/
<<<<<<< Updated upstream
  app/vercel/macho_buck_webapp/hidden_house/block/HiddenBlockBlock.class
  app/vercel/macho_buck_webapp/hidden_house/block/OpenHiddenBlockBlock.class
  app/vercel/macho_buck_webapp/hidden_house/block/entity/
  app/vercel/macho_buck_webapp/hidden_house/block/entity/HiddenBlockBlockEntity.class
  app/vercel/macho_buck_webapp/hidden_house/block/entity/OpenHiddenBlockBlockEntity.class
  app/vercel/macho_buck_webapp/hidden_house/client/
  app/vercel/macho_buck_webapp/hidden_house/client/gui/
  app/vercel/macho_buck_webapp/hidden_house/client/gui/HiddenBlockGUIScreen.class
  app/vercel/macho_buck_webapp/hidden_house/client/gui/HiddenBlockSetCodeGUIScreen.class
=======
  app/vercel/macho_buck_webapp/hidden_house/block/ReverseHiddenBlockBlock.class
  app/vercel/macho_buck_webapp/hidden_house/block/ReverseOpenHiddenBlockBlock.class
  app/vercel/macho_buck_webapp/hidden_house/block/entity/
  app/vercel/macho_buck_webapp/hidden_house/block/entity/ReverseHiddenBlockBlockEntity.class
  app/vercel/macho_buck_webapp/hidden_house/block/entity/ReverseOpenHiddenBlockBlockEntity.class
  app/vercel/macho_buck_webapp/hidden_house/client/
  app/vercel/macho_buck_webapp/hidden_house/client/gui/
  app/vercel/macho_buck_webapp/hidden_house/client/gui/ReverseHiddenBlockGUIScreen.class
  app/vercel/macho_buck_webapp/hidden_house/client/gui/ReverseHiddenBlockSetCodeGUIScreen.class
>>>>>>> Stashed changes
  app/vercel/macho_buck_webapp/hidden_house/init/
  app/vercel/macho_buck_webapp/hidden_house/init/HiddenHouseModBlockEntities.class
  app/vercel/macho_buck_webapp/hidden_house/init/HiddenHouseModBlocks$BlocksClientSideHandler.class
  app/vercel/macho_buck_webapp/hidden_house/init/HiddenHouseModBlocks.class
  app/vercel/macho_buck_webapp/hidden_house/init/HiddenHouseModItems.class
  app/vercel/macho_buck_webapp/hidden_house/init/HiddenHouseModMenus$MenuAccessor.class
  app/vercel/macho_buck_webapp/hidden_house/init/HiddenHouseModMenus.class
  app/vercel/macho_buck_webapp/hidden_house/init/HiddenHouseModScreens$ScreenAccessor.class
  app/vercel/macho_buck_webapp/hidden_house/init/HiddenHouseModScreens.class
  app/vercel/macho_buck_webapp/hidden_house/init/HiddenHouseModTabs.class
  app/vercel/macho_buck_webapp/hidden_house/network/
<<<<<<< Updated upstream
  app/vercel/macho_buck_webapp/hidden_house/network/HiddenBlockGUIButtonMessage.class
  app/vercel/macho_buck_webapp/hidden_house/network/HiddenBlockSetCodeGUIButtonMessage.class
  app/vercel/macho_buck_webapp/hidden_house/network/MenuStateUpdateMessage.class
  app/vercel/macho_buck_webapp/hidden_house/procedures/
  app/vercel/macho_buck_webapp/hidden_house/procedures/HiddenBlockCodeEnteredProcedure.class
  app/vercel/macho_buck_webapp/hidden_house/procedures/HiddenBlockSetCodeLogicProcedure.class
  app/vercel/macho_buck_webapp/hidden_house/procedures/HiddenBlockSetCodeProcedure$1.class
  app/vercel/macho_buck_webapp/hidden_house/procedures/HiddenBlockSetCodeProcedure.class
  app/vercel/macho_buck_webapp/hidden_house/procedures/OpenHiddenBlockMenuProcedure$1.class
  app/vercel/macho_buck_webapp/hidden_house/procedures/OpenHiddenBlockMenuProcedure.class
  app/vercel/macho_buck_webapp/hidden_house/procedures/OpenHiddenBlockWalkedOnProcedure.class
  app/vercel/macho_buck_webapp/hidden_house/world/
  app/vercel/macho_buck_webapp/hidden_house/world/inventory/
  app/vercel/macho_buck_webapp/hidden_house/world/inventory/HiddenBlockGUIMenu$1.class
  app/vercel/macho_buck_webapp/hidden_house/world/inventory/HiddenBlockGUIMenu.class
  app/vercel/macho_buck_webapp/hidden_house/world/inventory/HiddenBlockSetCodeGUIMenu$1.class
  app/vercel/macho_buck_webapp/hidden_house/world/inventory/HiddenBlockSetCodeGUIMenu.class
  assets/
  assets/hidden_house/
  assets/hidden_house/blockstates/
  assets/hidden_house/blockstates/hidden_block.json
  assets/hidden_house/blockstates/open_hidden_block.json
=======
  app/vercel/macho_buck_webapp/hidden_house/network/MenuStateUpdateMessage.class
  app/vercel/macho_buck_webapp/hidden_house/network/ReverseHiddenBlockGUIButtonMessage.class
  app/vercel/macho_buck_webapp/hidden_house/network/ReverseHiddenBlockSetCodeGUIButtonMessage.class
  app/vercel/macho_buck_webapp/hidden_house/procedures/
  app/vercel/macho_buck_webapp/hidden_house/procedures/ReverseHiddenBlockCodeEnteredProcedure.class
  app/vercel/macho_buck_webapp/hidden_house/procedures/ReverseHiddenBlockSetCodeLogicProcedure.class
  app/vercel/macho_buck_webapp/hidden_house/procedures/ReverseHiddenBlockSetCodeProcedure$1.class
  app/vercel/macho_buck_webapp/hidden_house/procedures/ReverseHiddenBlockSetCodeProcedure.class
  app/vercel/macho_buck_webapp/hidden_house/procedures/ReverseOpenHiddenBlockMenuProcedure$1.class
  app/vercel/macho_buck_webapp/hidden_house/procedures/ReverseOpenHiddenBlockMenuProcedure.class
  app/vercel/macho_buck_webapp/hidden_house/procedures/ReverseOpenHiddenBlockWalkedOnProcedure.class
  app/vercel/macho_buck_webapp/hidden_house/world/
  app/vercel/macho_buck_webapp/hidden_house/world/inventory/
  app/vercel/macho_buck_webapp/hidden_house/world/inventory/ReverseHiddenBlockGUIMenu$1.class
  app/vercel/macho_buck_webapp/hidden_house/world/inventory/ReverseHiddenBlockGUIMenu.class
  app/vercel/macho_buck_webapp/hidden_house/world/inventory/ReverseHiddenBlockSetCodeGUIMenu$1.class
  app/vercel/macho_buck_webapp/hidden_house/world/inventory/ReverseHiddenBlockSetCodeGUIMenu.class
  assets/
  assets/hidden_house/
  assets/hidden_house/blockstates/
  assets/hidden_house/blockstates/reverse_hidden_block.json
  assets/hidden_house/blockstates/reverse_open_hidden_block.json
>>>>>>> Stashed changes
  assets/hidden_house/lang/
  assets/hidden_house/lang/en_us.json
  assets/hidden_house/models/
  assets/hidden_house/models/block/
<<<<<<< Updated upstream
  assets/hidden_house/models/block/hidden_block.json
  assets/hidden_house/models/block/open_hidden_block.json
  assets/hidden_house/models/item/
  assets/hidden_house/models/item/hidden_block.json
  assets/hidden_house/models/item/open_hidden_block.json
  assets/hidden_house/textures/
  assets/hidden_house/textures/screens/
  assets/hidden_house/textures/screens/hidden_block_gui.png
  assets/hidden_house/textures/screens/hidden_block_set_code_gui.png
=======
  assets/hidden_house/models/block/reverse_hidden_block.json
  assets/hidden_house/models/block/reverse_open_hidden_block.json
  assets/hidden_house/models/item/
  assets/hidden_house/models/item/reverse_hidden_block.json
  assets/hidden_house/models/item/reverse_open_hidden_block.json
  assets/hidden_house/textures/
  assets/hidden_house/textures/screens/
  assets/hidden_house/textures/screens/reverse_hidden_block_gui.png
  assets/hidden_house/textures/screens/reverse_hidden_block_set_code_gui.png
>>>>>>> Stashed changes
  data/
  data/hidden_house/
  data/hidden_house/loot_tables/
  data/hidden_house/loot_tables/blocks/
<<<<<<< Updated upstream
  data/hidden_house/loot_tables/blocks/hidden_block.json
  data/hidden_house/loot_tables/blocks/open_hidden_block.json
=======
  data/hidden_house/loot_tables/blocks/reverse_hidden_block.json
  data/hidden_house/loot_tables/blocks/reverse_open_hidden_block.json
>>>>>>> Stashed changes
  pack.mcmeta
